10-03 20:01:53.106   932  1032 V WindowManagerShell: Transition requested (#7): android.os.BinderProxy@4b0b5b4 TransitionRequestInfo { type = OPEN, triggerTask = TaskInfo{userId=0 taskId=16 effectiveUid=10151 displayId=0 isRunning=true baseIntent=Intent { flg=0x10000000 cmp=com.dtgibson.snowraven/.MainActivity } baseActivity=ComponentInfo{com.dtgibson.snowraven/com.dtgibson.snowraven.MainActivity} topActivity=ComponentInfo{com.dtgibson.snowraven/com.dtgibson.snowraven.MainActivity} origActivity=null realActivity=ComponentInfo{com.dtgibson.snowraven/com.dtgibson.snowraven.MainActivity} numActivities=1 lastActiveTime=93675 supportsMultiWindow=true resizeMode=1 isResizeable=true minWidth=-1 minHeight=-1 defaultMinSize=220 token=WCT{android.window.IWindowContainerToken$Stub$Proxy@3d265dd} topActivityType=1 pictureInPictureParams=null shouldDockBigOverlays=false launchIntoPipHostTaskId=-1 lastParentTaskIdBeforePip=-1 displayCutoutSafeInsets=Rect(0, 136 - 0, 0) topActivityInfo=ActivityInfo{18ce552 com.dtgibson.snowraven.MainActivity} launchCookies=[] positionInParent=Point(0, 0) parentTaskId=-1 isFocused=false isVisible=false isVisibleRequested=false isTopActivityNoDisplay=false isSleeping=false locusId=null displayAreaFeatureId=1 isTopActivityTransparent=false isActivityStackTransparent=false lastNonFullscreenBounds=Rect(268, 665 - 813, 1745) capturedLink=null capturedLinkTimestamp=0 requestedVisibleTypes=-9 topActivityRequestOpenInBrowserEducationTimestamp=0 appCompatTaskInfo=AppCompatTaskInfo { topActivityInSizeCompat=false eligibleForLetterboxEducation= false isLetterboxEducationEnabled= false isLetterboxDoubleTapEnabled= false eligibleForUserAspectRatioButton= false topActivityBoundsLetterboxed= false isFromLetterboxDoubleTap= false topActivityLetterboxVerticalPosition= -1 topActivityLetterboxHorizontalPosition= -1 topActivityLetterboxWidth=-1 topActivityLetterboxHeight=-1 topActivityAppBounds=Rect(0, 0 - 1080, 2400) isUserFullscreenOverrideEnabled=false isSystemFullscreenOverrideEnabled=false hasMinAspectRatioOverride=false topActivityLetterboxBounds=null cameraCompatTaskInfo=CameraCompatTaskInfo { freeformCameraCompatMode=inactive}} topActivityMainWindowFrame=null}, pipChange = null, remoteTransition = null, displayChange = null, flags = 0, debugId = 7 }
10-03 20:01:53.126   660   709 V WindowManager: Sent Transition (#7) createdAt=10-03 20:01:53.101 via request=TransitionRequestInfo { type = OPEN, triggerTask = TaskInfo{userId=0 taskId=16 effectiveUid=10151 displayId=0 isRunning=true baseIntent=Intent { flg=0x10000000 cmp=com.dtgibson.snowraven/.MainActivity } baseActivity=ComponentInfo{com.dtgibson.snowraven/com.dtgibson.snowraven.MainActivity} topActivity=ComponentInfo{com.dtgibson.snowraven/com.dtgibson.snowraven.MainActivity} origActivity=null realActivity=ComponentInfo{com.dtgibson.snowraven/com.dtgibson.snowraven.MainActivity} numActivities=1 lastActiveTime=93675 supportsMultiWindow=true resizeMode=1 isResizeable=true minWidth=-1 minHeight=-1 defaultMinSize=220 token=WCT{RemoteToken{a0661a9 Task{85f3d07 #16 type=standard A=10151:com.dtgibson.snowraven}}} topActivityType=1 pictureInPictureParams=null shouldDockBigOverlays=false launchIntoPipHostTaskId=-1 lastParentTaskIdBeforePip=-1 displayCutoutSafeInsets=Rect(0, 136 - 0, 0) topActivityInfo=ActivityInfo{82f432e com.dtgibson.snowraven.MainActivity} launchCookies=[] positionInParent=Point(0, 0) parentTaskId=-1 isFocused=false isVisible=false isVisibleRequested=false isTopActivityNoDisplay=false isSleeping=false locusId=null displayAreaFeatureId=1 isTopActivityTransparent=false isActivityStackTransparent=false lastNonFullscreenBounds=Rect(268, 665 - 813, 1745) capturedLink=null capturedLinkTimestamp=0 requestedVisibleTypes=-9 topActivityRequestOpenInBrowserEducationTimestamp=0 appCompatTaskInfo=AppCompatTaskInfo { topActivityInSizeCompat=false eligibleForLetterboxEducation= false isLetterboxEducationEnabled= false isLetterboxDoubleTapEnabled= false eligibleForUserAspectRatioButton= false topActivityBoundsLetterboxed= false isFromLetterboxDoubleTap= false topActivityLetterboxVerticalPosition= -1 topActivityLetterboxHorizontalPosition= -1 topActivityLetterboxWidth=-1 topActivityLetterboxHeight=-1 topActivityAppBounds=Rect(0, 0 - 1080, 2400) isUserFullscreenOverrideEnabled=false isSystemFullscreenOverrideEnabled=false hasMinAspectRatioOverride=false topActivityLetterboxBounds=null cameraCompatTaskInfo=CameraCompatTaskInfo { freeformCameraCompatMode=inactive}} topActivityMainWindowFrame=null}, pipChange = null, remoteTransition = null, displayChange = null, flags = 0, debugId = 7 }
10-03 20:01:53.128   932  1032 V WindowManagerShell:  Checking filter Pair{{types=[] flags=0x0] notFlags=0x100 checks=[{atype=home independent=true modes=[OPEN,TO_FRONT] flags=NONE mustBeTask=false order=TOP topActivity=ComponentInfo{com.android.launcher3/com.android.launcher3.uioverrides.QuickstepLauncher} launchCookie=null windowingMode=undefined},{atype=standard independent=true modes=[CLOSE,TO_BACK] flags=NONE mustBeTask=false order=ANY topActivity=null launchCookie=null windowingMode=undefined},{NOT atype=undefined independent=true modes=[] flags=NONE mustBeTask=true order=ANY topActivity=null launchCookie=null customAnim=true windowingMode=undefined}]} RemoteTransition { remoteTransition = android.window.IRemoteTransition$Stub$Proxy@4678ccf, appThread = android.app.IApplicationThread$Stub$Proxy@418365c, debugName = QuickstepLaunchHome }}
10-03 20:01:53.210  2508  2508 I WebViewFactory: Loading com.android.webview version 133.0.6943.137 (code 694313701)
10-03 20:01:53.210  2508  2508 V ResourcesManager: The following library key has been added: ResourcesKey{ mHash=f26155b7 mResDir=null mSplitDirs=[] mOverlayDirs=[] mLibDirs=[/product/app/webview/webview.apk,/system_ext/framework/androidx.window.extensions.jar] mDisplayId=0 mOverrideConfig=v36 mCompatInfo={420dpi always-compat} mLoaders=[]}
10-03 20:01:53.213  2508  2508 D nativeloader: Configuring product-clns-10 for unbundled product apk /product/app/webview/webview.apk. target_sdk_version=34, uses_libraries=, library_path=/product/app/webview/lib/arm64:/product/app/webview/webview.apk!/lib/arm64-v8a:/product/lib64:/system/product/lib64, permitted_path=/data:/mnt/expand:/product/lib64:/system/product/lib64
10-03 20:01:53.218  2508  2508 I cr_WVCFactoryProvider: version=133.0.6943.137 (694313701) minSdkVersion=26 isBundle=false multiprocess=true packageId=2
10-03 20:01:53.222  2508  2508 D nativeloader: Load /product/app/webview/webview.apk!/lib/arm64-v8a/libwebviewchromium.so using class loader ns product-clns-10 (caller=/product/app/webview/webview.apk): ok
10-03 20:01:53.223  2508  2508 D nativeloader: Load /system/lib64/libwebviewchromium_plat_support.so using class loader ns product-clns-10 (caller=/product/app/webview/webview.apk): ok
10-03 20:01:53.224  2508  2536 I chromium: [1003/200153.224477:INFO:variations_seed_loader.cc(67)] Failed to open file for reading.: No such file or directory (2)
10-03 20:01:53.224  2508  2536 I cr_VariationsUtils: Failed reading seed file "/data/user/0/com.dtgibson.snowraven/app_webview/variations_seed_new"
10-03 20:01:53.224  2508  2536 I chromium: [1003/200153.224669:INFO:variations_seed_loader.cc(67)] Failed to open file for reading.: No such file or directory (2)
10-03 20:01:53.224  2508  2536 I cr_VariationsUtils: Failed reading seed file "/data/user/0/com.dtgibson.snowraven/app_webview/variations_seed"
10-03 20:01:53.224  2508  2524 I RustStdoutStderr: [1003/200153.224477:INFO:variations_seed_loader.cc(67)] Failed to open file for reading.: No such file or directory (2)
10-03 20:01:53.224  2508  2524 I RustStdoutStderr: [1003/200153.224669:INFO:variations_seed_loader.cc(67)] Failed to open file for reading.: No such file or directory (2)
10-03 20:01:53.224  2508  2537 I cr_VariationsUtils: Requesting new seed from IVariationsSeedServer
10-03 20:01:53.226  2508  2508 I cr_LibraryLoader: Successfully loaded native library
10-03 20:01:53.227  2508  2508 I cr_CachingUmaRecorder: Flushed 6 samples from 6 histograms, 0 samples were dropped.
10-03 20:01:53.228   660  1691 D ActivityManager: sync unfroze 2273 com.android.webview:webview_service for 6
10-03 20:01:53.228  2508  2508 I cr_CombinedPProvider: #registerProvider() provider:WV.J7@a22f00d isPolicyCacheEnabled:false policyProvidersSize:0
10-03 20:01:53.229  2508  2508 I cr_PolicyProvider: #setManagerAndSource() 0
10-03 20:01:53.232   660  1165 W ProcessStats: Tracking association SourceState{edb08b5 com.dtgibson.snowraven/10151 BTop #530} whose proc state 2 is better than process ProcessState{5a35dd7 com.android.webview:webview_service/10103 pkg=com.android.webview} proc state 14 (0 skipped)
10-03 20:01:53.236   660   719 I ActivityManager: Start proc 2540:com.android.webview:sandboxed_process0:org.chromium.content.app.SandboxedProcessService0:0/u0i1 for  {com.dtgibson.snowraven/org.chromium.content.app.SandboxedProcessService0:0}
10-03 20:01:53.242  2508  2508 I cr_CombinedPProvider: #linkNativeInternal() 1
10-03 20:01:53.242  2508  2508 I cr_AppResProvider: #getApplicationRestrictionsFromUserManager() Bundle[EMPTY_PARCEL]
10-03 20:01:53.242  2508  2508 I cr_PolicyProvider: #notifySettingsAvailable() 0
10-03 20:01:53.242  2508  2508 I cr_CombinedPProvider: #onSettingsAvailable() 0
10-03 20:01:53.242  2508  2508 I cr_CombinedPProvider: #flushPolicies()
10-03 20:01:53.249  2540  2540 I cr_WebViewApkApp: version=133.0.6943.137 (694313701) minSdkVersion=26 isBundle=false processName=com.android.webview:sandboxed_process0:org.chromium.content.app.SandboxedProcessService0:0
10-03 20:01:53.250  2540  2540 I cr_ChildProcessService: Creating new ChildProcessService pid=2540
10-03 20:01:53.264  2508  2554 W chromium: [WARNING:dns_config_service_android.cc(81)] Failed to read DnsConfig.
10-03 20:01:53.305  2508  2559 W cr_media: BLUETOOTH_CONNECT permission is missing.
10-03 20:01:53.307  2540  2558 I cr_LibraryLoader: Successfully loaded native library
10-03 20:01:53.307  2540  2558 I cr_CachingUmaRecorder: Flushed 2 samples from 2 histograms, 0 samples were dropped.
10-03 20:01:53.308  2508  2559 W cr_media: getBluetoothAdapter() requires BLUETOOTH permission
10-03 20:01:53.308  2508  2559 W cr_media: registerBluetoothIntentsIfNeeded: Requires BLUETOOTH permission
10-03 20:01:53.313  2273  2344 I cr_VariationsUtils: Throttling seed download job
10-03 20:01:53.315  2273  2344 I cr_VariationsUtils: Writing new seed to app's data directory
10-03 20:01:53.317  2540  2558 W chromium: [WARNING:runtime_features.cc(560)] Fenced frames cannot be enabled in this configuration. Use --enable-features=FencedFrames instead.
10-03 20:01:53.317  2540  2558 W chromium: [WARNING:runtime_features.cc(585)] Topics cannot be enabled in this configuration. Use --enable-features=BrowsingTopics in addition.
10-03 20:01:53.317  2540  2558 W chromium: [WARNING:runtime_features.cc(606)] SharedStorage cannot be enabled in this configuration. Use --enable-features=SharedStorageAPI in addition.
10-03 20:01:53.350  2508  2578 W chromium: [WARNING:viz_main_impl.cc(85)] VizNullHypothesis is disabled (not a warning)
10-03 20:01:53.373  2508  2572 W chromium: [WARNING:display_webview.cc(32)] WebView overlays are enabled!
10-03 20:01:53.374  2508  2524 I RustStdoutStderr: [WARNING:display_webview.cc(32)] WebView overlays are enabled!
10-03 20:02:03.360   660   781 D ActivityManager: freezing 2273 com.android.webview:webview_service
