10-03 20:02:26.596   932  1032 V WindowManagerShell: Transition requested (#9): android.os.BinderProxy@bff4b1a TransitionRequestInfo { type = OPEN, triggerTask = TaskInfo{userId=0 taskId=17 effectiveUid=10151 displayId=0 isRunning=true baseIntent=Intent { flg=0x10000000 cmp=com.dtgibson.snowraven/.MainActivity } baseActivity=ComponentInfo{com.dtgibson.snowraven/com.dtgibson.snowraven.MainActivity} topActivity=ComponentInfo{com.dtgibson.snowraven/com.dtgibson.snowraven.MainActivity} origActivity=null realActivity=ComponentInfo{com.dtgibson.snowraven/com.dtgibson.snowraven.MainActivity} numActivities=1 lastActiveTime=127166 supportsMultiWindow=true resizeMode=1 isResizeable=true minWidth=-1 minHeight=-1 defaultMinSize=220 token=WCT{android.window.IWindowContainerToken$Stub$Proxy@4b1164b} topActivityType=1 pictureInPictureParams=null shouldDockBigOverlays=false launchIntoPipHostTaskId=-1 lastParentTaskIdBeforePip=-1 displayCutoutSafeInsets=Rect(0, 136 - 0, 0) topActivityInfo=ActivityInfo{d338828 com.dtgibson.snowraven.MainActivity} launchCookies=[] positionInParent=Point(0, 0) parentTaskId=-1 isFocused=false isVisible=false isVisibleRequested=false isTopActivityNoDisplay=false isSleeping=false locusId=null displayAreaFeatureId=1 isTopActivityTransparent=false isActivityStackTransparent=false lastNonFullscreenBounds=Rect(268, 665 - 813, 1745) capturedLink=null capturedLinkTimestamp=0 requestedVisibleTypes=-9 topActivityRequestOpenInBrowserEducationTimestamp=0 appCompatTaskInfo=AppCompatTaskInfo { topActivityInSizeCompat=false eligibleForLetterboxEducation= false isLetterboxEducationEnabled= false isLetterboxDoubleTapEnabled= false eligibleForUserAspectRatioButton= false topActivityBoundsLetterboxed= false isFromLetterboxDoubleTap= false topActivityLetterboxVerticalPosition= -1 topActivityLetterboxHorizontalPosition= -1 topActivityLetterboxWidth=-1 topActivityLetterboxHeight=-1 topActivityAppBounds=Rect(0, 0 - 1080, 2400) isUserFullscreenOverrideEnabled=false isSystemFullscreenOverrideEnabled=false hasMinAspectRatioOverride=false topActivityLetterboxBounds=null cameraCompatTaskInfo=CameraCompatTaskInfo { freeformCameraCompatMode=inactive}} topActivityMainWindowFrame=null}, pipChange = null, remoteTransition = null, displayChange = null, flags = 0, debugId = 9 }
10-03 20:02:26.636   660   709 V WindowManager: Sent Transition (#9) createdAt=10-03 20:02:26.590 via request=TransitionRequestInfo { type = OPEN, triggerTask = TaskInfo{userId=0 taskId=17 effectiveUid=10151 displayId=0 isRunning=true baseIntent=Intent { flg=0x10000000 cmp=com.dtgibson.snowraven/.MainActivity } baseActivity=ComponentInfo{com.dtgibson.snowraven/com.dtgibson.snowraven.MainActivity} topActivity=ComponentInfo{com.dtgibson.snowraven/com.dtgibson.snowraven.MainActivity} origActivity=null realActivity=ComponentInfo{com.dtgibson.snowraven/com.dtgibson.snowraven.MainActivity} numActivities=1 lastActiveTime=127166 supportsMultiWindow=true resizeMode=1 isResizeable=true minWidth=-1 minHeight=-1 defaultMinSize=220 token=WCT{RemoteToken{ca1fead Task{313f9e7 #17 type=standard A=10151:com.dtgibson.snowraven}}} topActivityType=1 pictureInPictureParams=null shouldDockBigOverlays=false launchIntoPipHostTaskId=-1 lastParentTaskIdBeforePip=-1 displayCutoutSafeInsets=Rect(0, 136 - 0, 0) topActivityInfo=ActivityInfo{36055e2 com.dtgibson.snowraven.MainActivity} launchCookies=[] positionInParent=Point(0, 0) parentTaskId=-1 isFocused=false isVisible=false isVisibleRequested=false isTopActivityNoDisplay=false isSleeping=false locusId=null displayAreaFeatureId=1 isTopActivityTransparent=false isActivityStackTransparent=false lastNonFullscreenBounds=Rect(268, 665 - 813, 1745) capturedLink=null capturedLinkTimestamp=0 requestedVisibleTypes=-9 topActivityRequestOpenInBrowserEducationTimestamp=0 appCompatTaskInfo=AppCompatTaskInfo { topActivityInSizeCompat=false eligibleForLetterboxEducation= false isLetterboxEducationEnabled= false isLetterboxDoubleTapEnabled= false eligibleForUserAspectRatioButton= false topActivityBoundsLetterboxed= false isFromLetterboxDoubleTap= false topActivityLetterboxVerticalPosition= -1 topActivityLetterboxHorizontalPosition= -1 topActivityLetterboxWidth=-1 topActivityLetterboxHeight=-1 topActivityAppBounds=Rect(0, 0 - 1080, 2400) isUserFullscreenOverrideEnabled=false isSystemFullscreenOverrideEnabled=false hasMinAspectRatioOverride=false topActivityLetterboxBounds=null cameraCompatTaskInfo=CameraCompatTaskInfo { freeformCameraCompatMode=inactive}} topActivityMainWindowFrame=null}, pipChange = null, remoteTransition = null, displayChange = null, flags = 0, debugId = 9 }
10-03 20:02:26.638   932  1032 V WindowManagerShell:  Checking filter Pair{{types=[] flags=0x0] notFlags=0x100 checks=[{atype=home independent=true modes=[OPEN,TO_FRONT] flags=NONE mustBeTask=false order=TOP topActivity=ComponentInfo{com.android.launcher3/com.android.launcher3.uioverrides.QuickstepLauncher} launchCookie=null windowingMode=undefined},{atype=standard independent=true modes=[CLOSE,TO_BACK] flags=NONE mustBeTask=false order=ANY topActivity=null launchCookie=null windowingMode=undefined},{NOT atype=undefined independent=true modes=[] flags=NONE mustBeTask=true order=ANY topActivity=null launchCookie=null customAnim=true windowingMode=undefined}]} RemoteTransition { remoteTransition = android.window.IRemoteTransition$Stub$Proxy@4678ccf, appThread = android.app.IApplicationThread$Stub$Proxy@418365c, debugName = QuickstepLaunchHome }}
10-03 20:02:26.726  2707  2707 I WebViewFactory: Loading com.android.webview version 133.0.6943.137 (code 694313701)
10-03 20:02:26.730  2707  2707 V ResourcesManager: The following library key has been added: ResourcesKey{ mHash=f26155b7 mResDir=null mSplitDirs=[] mOverlayDirs=[] mLibDirs=[/product/app/webview/webview.apk,/system_ext/framework/androidx.window.extensions.jar] mDisplayId=0 mOverrideConfig=v36 mCompatInfo={420dpi always-compat} mLoaders=[]}
10-03 20:02:26.735  2707  2707 D nativeloader: Configuring product-clns-10 for unbundled product apk /product/app/webview/webview.apk. target_sdk_version=34, uses_libraries=, library_path=/product/app/webview/lib/arm64:/product/app/webview/webview.apk!/lib/arm64-v8a:/product/lib64:/system/product/lib64, permitted_path=/data:/mnt/expand:/product/lib64:/system/product/lib64
10-03 20:02:26.741  2707  2707 I cr_WVCFactoryProvider: version=133.0.6943.137 (694313701) minSdkVersion=26 isBundle=false multiprocess=true packageId=2
10-03 20:02:26.746  2707  2707 D nativeloader: Load /product/app/webview/webview.apk!/lib/arm64-v8a/libwebviewchromium.so using class loader ns product-clns-10 (caller=/product/app/webview/webview.apk): ok
10-03 20:02:26.749  2707  2707 D nativeloader: Load /system/lib64/libwebviewchromium_plat_support.so using class loader ns product-clns-10 (caller=/product/app/webview/webview.apk): ok
10-03 20:02:26.751  2707  2736 I chromium: [1003/200226.751609:INFO:variations_seed_loader.cc(67)] Failed to open file for reading.: No such file or directory (2)
10-03 20:02:26.751  2707  2723 I RustStdoutStderr: [1003/200226.751609:INFO:variations_seed_loader.cc(67)] Failed to open file for reading.: No such file or directory (2)
10-03 20:02:26.752  2707  2736 I cr_VariationsUtils: Failed reading seed file "/data/user/0/com.dtgibson.snowraven/app_webview/variations_seed_new"
10-03 20:02:26.752  2707  2736 I chromium: [1003/200226.752152:INFO:variations_seed_loader.cc(67)] Failed to open file for reading.: No such file or directory (2)
10-03 20:02:26.752  2707  2736 I cr_VariationsUtils: Failed reading seed file "/data/user/0/com.dtgibson.snowraven/app_webview/variations_seed"
10-03 20:02:26.752  2707  2723 I RustStdoutStderr: [1003/200226.752152:INFO:variations_seed_loader.cc(67)] Failed to open file for reading.: No such file or directory (2)
10-03 20:02:26.753  2707  2737 I cr_VariationsUtils: Requesting new seed from IVariationsSeedServer
10-03 20:02:26.755   660   901 D ActivityManager: sync unfroze 2273 com.android.webview:webview_service for 6
10-03 20:02:26.758  2707  2707 I cr_LibraryLoader: Successfully loaded native library
10-03 20:02:26.759  2707  2707 I cr_CachingUmaRecorder: Flushed 6 samples from 6 histograms, 0 samples were dropped.
10-03 20:02:26.759   660  1165 W ProcessStats: Tracking association SourceState{edb08b5 com.dtgibson.snowraven/10151 BTop #576} whose proc state 2 is better than process ProcessState{5a35dd7 com.android.webview:webview_service/10103 pkg=com.android.webview} proc state 14 (9 skipped)
10-03 20:02:26.759  2707  2707 I cr_CombinedPProvider: #registerProvider() provider:WV.J7@d125bc2 isPolicyCacheEnabled:false policyProvidersSize:0
10-03 20:02:26.760  2707  2707 I cr_PolicyProvider: #setManagerAndSource() 0
10-03 20:02:26.767   660   719 I ActivityManager: Start proc 2740:com.android.webview:sandboxed_process0:org.chromium.content.app.SandboxedProcessService0:0/u0i2 for  {com.dtgibson.snowraven/org.chromium.content.app.SandboxedProcessService0:0}
10-03 20:02:26.778  2707  2707 I cr_CombinedPProvider: #linkNativeInternal() 1
10-03 20:02:26.779  2707  2707 I cr_AppResProvider: #getApplicationRestrictionsFromUserManager() Bundle[EMPTY_PARCEL]
10-03 20:02:26.779  2707  2707 I cr_PolicyProvider: #notifySettingsAvailable() 0
10-03 20:02:26.779  2707  2707 I cr_CombinedPProvider: #onSettingsAvailable() 0
10-03 20:02:26.779  2707  2707 I cr_CombinedPProvider: #flushPolicies()
10-03 20:02:26.789  2740  2740 I cr_WebViewApkApp: version=133.0.6943.137 (694313701) minSdkVersion=26 isBundle=false processName=com.android.webview:sandboxed_process0:org.chromium.content.app.SandboxedProcessService0:0
10-03 20:02:26.792  2740  2740 I cr_ChildProcessService: Creating new ChildProcessService pid=2740
10-03 20:02:26.809  2707  2755 W chromium: [WARNING:dns_config_service_android.cc(81)] Failed to read DnsConfig.
10-03 20:02:26.871  2707  2762 W cr_media: BLUETOOTH_CONNECT permission is missing.
10-03 20:02:26.872  2273  2344 I cr_VariationsUtils: Throttling seed download job
10-03 20:02:26.872  2273  2344 I cr_VariationsUtils: Writing new seed to app's data directory
10-03 20:02:26.873  2707  2762 W cr_media: getBluetoothAdapter() requires BLUETOOTH permission
10-03 20:02:26.874  2707  2762 W cr_media: registerBluetoothIntentsIfNeeded: Requires BLUETOOTH permission
10-03 20:02:26.874  2740  2761 I cr_LibraryLoader: Successfully loaded native library
10-03 20:02:26.874  2740  2761 I cr_CachingUmaRecorder: Flushed 2 samples from 2 histograms, 0 samples were dropped.
10-03 20:02:26.891  2740  2761 W chromium: [WARNING:runtime_features.cc(560)] Fenced frames cannot be enabled in this configuration. Use --enable-features=FencedFrames instead.
10-03 20:02:26.891  2740  2761 W chromium: [WARNING:runtime_features.cc(585)] Topics cannot be enabled in this configuration. Use --enable-features=BrowsingTopics in addition.
10-03 20:02:26.891  2740  2761 W chromium: [WARNING:runtime_features.cc(606)] SharedStorage cannot be enabled in this configuration. Use --enable-features=SharedStorageAPI in addition.
10-03 20:02:26.917  2707  2781 W chromium: [WARNING:viz_main_impl.cc(85)] VizNullHypothesis is disabled (not a warning)
10-03 20:02:26.949  2707  2776 W chromium: [WARNING:display_webview.cc(32)] WebView overlays are enabled!
10-03 20:02:26.949  2707  2723 I RustStdoutStderr: [WARNING:display_webview.cc(32)] WebView overlays are enabled!
10-03 20:02:36.946   660   781 D ActivityManager: freezing 2273 com.android.webview:webview_service
10-03 20:02:42.406  1613  1968 I Dialer  : PreOMigrationHandler - ComponentInfo{com.android.phone/com.android.services.telephony.TelephonyConnectionService}, 1, UserHandle{0} already migrated
