10-03 20:01:19.453   932  1032 V WindowManagerShell: Transition requested (#5): android.os.BinderProxy@20c16c1 TransitionRequestInfo { type = OPEN, triggerTask = TaskInfo{userId=0 taskId=15 effectiveUid=10151 displayId=0 isRunning=true baseIntent=Intent { flg=0x10000000 cmp=com.dtgibson.snowraven/.MainActivity } baseActivity=ComponentInfo{com.dtgibson.snowraven/com.dtgibson.snowraven.MainActivity} topActivity=ComponentInfo{com.dtgibson.snowraven/com.dtgibson.snowraven.MainActivity} origActivity=null realActivity=ComponentInfo{com.dtgibson.snowraven/com.dtgibson.snowraven.MainActivity} numActivities=1 lastActiveTime=60024 supportsMultiWindow=true resizeMode=1 isResizeable=true minWidth=-1 minHeight=-1 defaultMinSize=220 token=WCT{android.window.IWindowContainerToken$Stub$Proxy@85aae66} topActivityType=1 pictureInPictureParams=null shouldDockBigOverlays=false launchIntoPipHostTaskId=-1 lastParentTaskIdBeforePip=-1 displayCutoutSafeInsets=Rect(0, 136 - 0, 0) topActivityInfo=ActivityInfo{8a385a7 com.dtgibson.snowraven.MainActivity} launchCookies=[] positionInParent=Point(0, 0) parentTaskId=-1 isFocused=false isVisible=false isVisibleRequested=false isTopActivityNoDisplay=false isSleeping=false locusId=null displayAreaFeatureId=1 isTopActivityTransparent=false isActivityStackTransparent=false lastNonFullscreenBounds=Rect(268, 665 - 813, 1745) capturedLink=null capturedLinkTimestamp=0 requestedVisibleTypes=-9 topActivityRequestOpenInBrowserEducationTimestamp=0 appCompatTaskInfo=AppCompatTaskInfo { topActivityInSizeCompat=false eligibleForLetterboxEducation= false isLetterboxEducationEnabled= false isLetterboxDoubleTapEnabled= false eligibleForUserAspectRatioButton= false topActivityBoundsLetterboxed= false isFromLetterboxDoubleTap= false topActivityLetterboxVerticalPosition= -1 topActivityLetterboxHorizontalPosition= -1 topActivityLetterboxWidth=-1 topActivityLetterboxHeight=-1 topActivityAppBounds=Rect(0, 0 - 1080, 2400) isUserFullscreenOverrideEnabled=false isSystemFullscreenOverrideEnabled=false hasMinAspectRatioOverride=false topActivityLetterboxBounds=null cameraCompatTaskInfo=CameraCompatTaskInfo { freeformCameraCompatMode=inactive}} topActivityMainWindowFrame=null}, pipChange = null, remoteTransition = null, displayChange = null, flags = 0, debugId = 5 }
10-03 20:01:19.477   932  1032 V WindowManagerShell:  Checking filter Pair{{types=[] flags=0x0] notFlags=0x100 checks=[{atype=home independent=true modes=[OPEN,TO_FRONT] flags=NONE mustBeTask=false order=TOP topActivity=ComponentInfo{com.android.launcher3/com.android.launcher3.uioverrides.QuickstepLauncher} launchCookie=null windowingMode=undefined},{atype=standard independent=true modes=[CLOSE,TO_BACK] flags=NONE mustBeTask=false order=ANY topActivity=null launchCookie=null windowingMode=undefined},{NOT atype=undefined independent=true modes=[] flags=NONE mustBeTask=true order=ANY topActivity=null launchCookie=null customAnim=true windowingMode=undefined}]} RemoteTransition { remoteTransition = android.window.IRemoteTransition$Stub$Proxy@4678ccf, appThread = android.app.IApplicationThread$Stub$Proxy@418365c, debugName = QuickstepLaunchHome }}
10-03 20:01:19.477   660   709 V WindowManager: Sent Transition (#5) createdAt=10-03 20:01:19.449 via request=TransitionRequestInfo { type = OPEN, triggerTask = TaskInfo{userId=0 taskId=15 effectiveUid=10151 displayId=0 isRunning=true baseIntent=Intent { flg=0x10000000 cmp=com.dtgibson.snowraven/.MainActivity } baseActivity=ComponentInfo{com.dtgibson.snowraven/com.dtgibson.snowraven.MainActivity} topActivity=ComponentInfo{com.dtgibson.snowraven/com.dtgibson.snowraven.MainActivity} origActivity=null realActivity=ComponentInfo{com.dtgibson.snowraven/com.dtgibson.snowraven.MainActivity} numActivities=1 lastActiveTime=60024 supportsMultiWindow=true resizeMode=1 isResizeable=true minWidth=-1 minHeight=-1 defaultMinSize=220 token=WCT{RemoteToken{e9da7ff Task{8ef3c79 #15 type=standard A=10151:com.dtgibson.snowraven}}} topActivityType=1 pictureInPictureParams=null shouldDockBigOverlays=false launchIntoPipHostTaskId=-1 lastParentTaskIdBeforePip=-1 displayCutoutSafeInsets=Rect(0, 136 - 0, 0) topActivityInfo=ActivityInfo{8a69cc com.dtgibson.snowraven.MainActivity} launchCookies=[] positionInParent=Point(0, 0) parentTaskId=-1 isFocused=false isVisible=false isVisibleRequested=false isTopActivityNoDisplay=false isSleeping=false locusId=null displayAreaFeatureId=1 isTopActivityTransparent=false isActivityStackTransparent=false lastNonFullscreenBounds=Rect(268, 665 - 813, 1745) capturedLink=null capturedLinkTimestamp=0 requestedVisibleTypes=-9 topActivityRequestOpenInBrowserEducationTimestamp=0 appCompatTaskInfo=AppCompatTaskInfo { topActivityInSizeCompat=false eligibleForLetterboxEducation= false isLetterboxEducationEnabled= false isLetterboxDoubleTapEnabled= false eligibleForUserAspectRatioButton= false topActivityBoundsLetterboxed= false isFromLetterboxDoubleTap= false topActivityLetterboxVerticalPosition= -1 topActivityLetterboxHorizontalPosition= -1 topActivityLetterboxWidth=-1 topActivityLetterboxHeight=-1 topActivityAppBounds=Rect(0, 0 - 1080, 2400) isUserFullscreenOverrideEnabled=false isSystemFullscreenOverrideEnabled=false hasMinAspectRatioOverride=false topActivityLetterboxBounds=null cameraCompatTaskInfo=CameraCompatTaskInfo { freeformCameraCompatMode=inactive}} topActivityMainWindowFrame=null}, pipChange = null, remoteTransition = null, displayChange = null, flags = 0, debugId = 5 }
10-03 20:01:19.567  2243  2243 I WebViewFactory: Loading com.android.webview version 133.0.6943.137 (code 694313701)
10-03 20:01:19.568  2243  2243 V ResourcesManager: The following library key has been added: ResourcesKey{ mHash=f26155b7 mResDir=null mSplitDirs=[] mOverlayDirs=[] mLibDirs=[/product/app/webview/webview.apk,/system_ext/framework/androidx.window.extensions.jar] mDisplayId=0 mOverrideConfig=v36 mCompatInfo={420dpi always-compat} mLoaders=[]}
10-03 20:01:19.570  2243  2243 D nativeloader: Configuring product-clns-10 for unbundled product apk /product/app/webview/webview.apk. target_sdk_version=34, uses_libraries=, library_path=/product/app/webview/lib/arm64:/product/app/webview/webview.apk!/lib/arm64-v8a:/product/lib64:/system/product/lib64, permitted_path=/data:/mnt/expand:/product/lib64:/system/product/lib64
10-03 20:01:19.575  2243  2243 I cr_WVCFactoryProvider: version=133.0.6943.137 (694313701) minSdkVersion=26 isBundle=false multiprocess=true packageId=2
10-03 20:01:19.580  2243  2243 D nativeloader: Load /product/app/webview/webview.apk!/lib/arm64-v8a/libwebviewchromium.so using class loader ns product-clns-10 (caller=/product/app/webview/webview.apk): ok
10-03 20:01:19.586  2243  2243 D nativeloader: Load /system/lib64/libwebviewchromium_plat_support.so using class loader ns product-clns-10 (caller=/product/app/webview/webview.apk): ok
10-03 20:01:19.593  2243  2271 I chromium: [1003/200119.590140:INFO:variations_seed_loader.cc(67)] Failed to open file for reading.: No such file or directory (2)
10-03 20:01:19.593  2243  2258 I RustStdoutStderr: [1003/200119.590140:INFO:variations_seed_loader.cc(67)] Failed to open file for reading.: No such file or directory (2)
10-03 20:01:19.595  2243  2271 I cr_VariationsUtils: Failed reading seed file "/data/user/0/com.dtgibson.snowraven/app_webview/variations_seed_new"
10-03 20:01:19.595  2243  2271 I chromium: [1003/200119.595382:INFO:variations_seed_loader.cc(67)] Failed to open file for reading.: No such file or directory (2)
10-03 20:01:19.595  2243  2271 I cr_VariationsUtils: Failed reading seed file "/data/user/0/com.dtgibson.snowraven/app_webview/variations_seed"
10-03 20:01:19.595  2243  2271 I cr_VariationsUtils: Requesting new seed from IVariationsSeedServer
10-03 20:01:19.596  2243  2258 I RustStdoutStderr: [1003/200119.595382:INFO:variations_seed_loader.cc(67)] Failed to open file for reading.: No such file or directory (2)
10-03 20:01:19.601   660   719 I ActivityManager: Start proc 2273:com.android.webview:webview_service/u0a103 for service {com.android.webview/org.chromium.android_webview.services.VariationsSeedServer}
10-03 20:01:19.604  2273  2273 I webview_service: Using CollectorTypeCMC GC.
10-03 20:01:19.605  2273  2273 E webview_service: Not starting debugger since process cannot load the jdwp agent.
10-03 20:01:19.609  2243  2243 I cr_LibraryLoader: Successfully loaded native library
10-03 20:01:19.614  2243  2243 I cr_CachingUmaRecorder: Flushed 6 samples from 6 histograms, 0 samples were dropped.
10-03 20:01:19.618  2273  2273 D nativeloader: Configuring product-clns-9 for unbundled product apk /product/app/webview/webview.apk. target_sdk_version=34, uses_libraries=, library_path=/product/app/webview/lib/arm64:/product/app/webview/webview.apk!/lib/arm64-v8a:/product/lib64:/system/product/lib64, permitted_path=/data:/mnt/expand:/data/user/0/com.android.webview:/product/lib64:/system/product/lib64
10-03 20:01:19.618  2273  2273 I webview_service: AssetManager2(0xb4000070d060f3d8) locale list changing from [] to [en-US]
10-03 20:01:19.619  2243  2243 I cr_CombinedPProvider: #registerProvider() provider:WV.J7@d125bc2 isPolicyCacheEnabled:false policyProvidersSize:0
10-03 20:01:19.620  2243  2243 I cr_PolicyProvider: #setManagerAndSource() 0
10-03 20:01:19.621  2273  2273 V GraphicsEnvironment: com.android.webview is not listed in per-application setting
10-03 20:01:19.621  2273  2273 V GraphicsEnvironment: com.android.webview is not listed in ANGLE allowlist or settings, returning default
10-03 20:01:19.623  2273  2273 I cr_WebViewApkApp: version=133.0.6943.137 (694313701) minSdkVersion=26 isBundle=false processName=com.android.webview:webview_service
10-03 20:01:19.638   660  1162 I ActivityManager: Start proc 2290:com.android.webview:sandboxed_process0:org.chromium.content.app.SandboxedProcessService0:0/u0ai9000 for  {com.dtgibson.snowraven/org.chromium.content.app.SandboxedProcessService0:0}
10-03 20:01:19.644  2290  2290 I cr_WebViewApkApp: version=133.0.6943.137 (694313701) minSdkVersion=26 isBundle=false processName=com.android.webview:sandboxed_process0:org.chromium.content.app.SandboxedProcessService0:0
10-03 20:01:19.645  2290  2290 I cr_ChildProcessService: Creating new ChildProcessService pid=2290
10-03 20:01:19.677  2243  2243 I cr_CombinedPProvider: #linkNativeInternal() 1
10-03 20:01:19.678  2243  2243 I cr_AppResProvider: #getApplicationRestrictionsFromUserManager() Bundle[EMPTY_PARCEL]
10-03 20:01:19.678  2243  2243 I cr_PolicyProvider: #notifySettingsAvailable() 0
10-03 20:01:19.678  2243  2243 I cr_CombinedPProvider: #onSettingsAvailable() 0
10-03 20:01:19.678  2243  2243 I cr_CombinedPProvider: #flushPolicies()
10-03 20:01:19.733  2243  2307 W chromium: [WARNING:dns_config_service_android.cc(81)] Failed to read DnsConfig.
10-03 20:01:19.795   660   719 I ActivityManager: Start proc 2326:com.android.webview:webview_apk/u0a103 for service {com.android.webview/org.chromium.android_webview.nonembedded.AwComponentUpdateService}
10-03 20:01:19.818  2326  2326 I iew:webview_apk: Using CollectorTypeCMC GC.
10-03 20:01:19.820  2326  2326 E iew:webview_apk: Not starting debugger since process cannot load the jdwp agent.
10-03 20:01:19.836  2243  2314 W cr_media: BLUETOOTH_CONNECT permission is missing.
10-03 20:01:19.837  2326  2326 D nativeloader: Configuring product-clns-9 for unbundled product apk /product/app/webview/webview.apk. target_sdk_version=34, uses_libraries=, library_path=/product/app/webview/lib/arm64:/product/app/webview/webview.apk!/lib/arm64-v8a:/product/lib64:/system/product/lib64, permitted_path=/data:/mnt/expand:/data/user/0/com.android.webview:/product/lib64:/system/product/lib64
10-03 20:01:19.839  2273  2344 I cr_VariationsUtils: Throttling seed download job
10-03 20:01:19.839  2326  2326 I iew:webview_apk: AssetManager2(0xb4000070d0608998) locale list changing from [] to [en-US]
10-03 20:01:19.839  2243  2314 W cr_media: getBluetoothAdapter() requires BLUETOOTH permission
10-03 20:01:19.839  2243  2314 W cr_media: registerBluetoothIntentsIfNeeded: Requires BLUETOOTH permission
10-03 20:01:19.840  2273  2344 I cr_VariationsUtils: Writing new seed to app's data directory
10-03 20:01:19.841  2326  2326 V GraphicsEnvironment: com.android.webview is not listed in per-application setting
10-03 20:01:19.841  2326  2326 V GraphicsEnvironment: com.android.webview is not listed in ANGLE allowlist or settings, returning default
10-03 20:01:19.842  2326  2326 I cr_WebViewApkApp: version=133.0.6943.137 (694313701) minSdkVersion=26 isBundle=false processName=com.android.webview:webview_apk
10-03 20:01:19.844  2290  2301 I cr_LibraryLoader: Successfully loaded native library
10-03 20:01:19.844  2290  2301 I cr_CachingUmaRecorder: Flushed 2 samples from 2 histograms, 0 samples were dropped.
10-03 20:01:19.849  2326  2326 D nativeloader: Load /product/app/webview/webview.apk!/lib/arm64-v8a/libwebviewchromium.so using class loader ns product-clns-9 (caller=/product/app/webview/webview.apk): ok
10-03 20:01:19.851  2326  2326 I cr_LibraryLoader: Successfully loaded native library
10-03 20:01:19.873  2290  2301 W chromium: [WARNING:runtime_features.cc(560)] Fenced frames cannot be enabled in this configuration. Use --enable-features=FencedFrames instead.
10-03 20:01:19.873  2290  2301 W chromium: [WARNING:runtime_features.cc(585)] Topics cannot be enabled in this configuration. Use --enable-features=BrowsingTopics in addition.
10-03 20:01:19.873  2290  2301 W chromium: [WARNING:runtime_features.cc(606)] SharedStorage cannot be enabled in this configuration. Use --enable-features=SharedStorageAPI in addition.
10-03 20:01:19.883  2243  2341 W chromium: [WARNING:viz_main_impl.cc(85)] VizNullHypothesis is disabled (not a warning)
10-03 20:01:19.923  2243  2327 W chromium: [WARNING:display_webview.cc(32)] WebView overlays are enabled!
10-03 20:01:19.923  2243  2258 I RustStdoutStderr: [WARNING:display_webview.cc(32)] WebView overlays are enabled!
10-03 20:01:20.342  2326  2326 E chromium: [1003/200120.342606:ERROR:aw_component_update_service.cc(285)] No directory found for component llkgjffcdpffmhiakmfcdcblohccpfmo
10-03 20:01:30.358   660   781 D ActivityManager: freezing 2326 com.android.webview:webview_apk
10-03 20:01:30.358   660   781 D ActivityManager: freezing 2273 com.android.webview:webview_service
10-03 20:01:37.352  1613  1968 I Dialer  : PreOMigrationHandler - ComponentInfo{com.android.phone/com.android.services.telephony.TelephonyConnectionService}, 1, UserHandle{0} already migrated
