10-03 20:00:34.520  1039  1039 D SatelliteAccessController: Current default SMS app:ComponentInfo{com.google.android.apps.messaging/com.google.android.apps.messaging.shared.receiver.SmsDeliverReceiver}
10-03 20:00:34.563   929  1055 V WindowManagerShell: Transition requested (#186): android.os.BinderProxy@ec6535c TransitionRequestInfo { type = OPEN, triggerTask = TaskInfo{userId=0 taskId=61 effectiveUid=10242 displayId=0 isRunning=true baseIntent=Intent { flg=0x10000000 cmp=com.dtgibson.snowraven/.MainActivity } baseActivity=ComponentInfo{com.dtgibson.snowraven/com.dtgibson.snowraven.MainActivity} topActivity=ComponentInfo{com.dtgibson.snowraven/com.dtgibson.snowraven.MainActivity} origActivity=null realActivity=ComponentInfo{com.dtgibson.snowraven/com.dtgibson.snowraven.MainActivity} numActivities=1 lastActiveTime=15675686 supportsMultiWindow=true resizeMode=1 isResizeable=true minWidth=-1 minHeight=-1 defaultMinSize=220 token=WCT{android.window.IWindowContainerToken$Stub$Proxy@cffb665} topActivityType=1 pictureInPictureParams=null shouldDockBigOverlays=false launchIntoPipHostTaskId=-1 lastParentTaskIdBeforePip=-1 displayCutoutSafeInsets=Rect(0, 136 - 0, 0) topActivityInfo=ActivityInfo{9919f3a com.dtgibson.snowraven.MainActivity} launchCookies=[] positionInParent=Point(0, 0) parentTaskId=-1 isFocused=false isVisible=false isVisibleRequested=false isTopActivityNoDisplay=false isSleeping=false locusId=null displayAreaFeatureId=1 isTopActivityTransparent=false isActivityStackTransparent=false lastNonFullscreenBounds=Rect(276, 696 - 805, 1776) capturedLink=null capturedLinkTimestamp=0 requestedVisibleTypes=-9 topActivityRequestOpenInBrowserEducationTimestamp=0 appCompatTaskInfo=AppCompatTaskInfo { topActivityInSizeCompat=false eligibleForLetterboxEducation= false isLetterboxEducationEnabled= true isLetterboxDoubleTapEnabled= false eligibleForUserAspectRatioButton= false topActivityBoundsLetterboxed= false isFromLetterboxDoubleTap= false topActivityLetterboxVerticalPosition= -1 topActivityLetterboxHorizontalPosition= -1 topActivityLetterboxWidth=-1 topActivityLetterboxHeight=-1 topActivityAppBounds=Rect(0, 0 - 1080, 2400) isUserFullscreenOverrideEnabled=false isSystemFullscreenOverrideEnabled=false hasMinAspectRatioOverride=false topActivityLetterboxBounds=null cameraCompatTaskInfo=CameraCompatTaskInfo { freeformCameraCompatMode=inactive}} topActivityMainWindowFrame=null}, pipChange = null, remoteTransition = null, displayChange = null, flags = 0, debugId = 186 }
10-03 20:00:34.597   669   711 V WindowManager: Sent Transition (#186) createdAt=10-03 20:00:34.559 via request=TransitionRequestInfo { type = OPEN, triggerTask = TaskInfo{userId=0 taskId=61 effectiveUid=10242 displayId=0 isRunning=true baseIntent=Intent { flg=0x10000000 cmp=com.dtgibson.snowraven/.MainActivity } baseActivity=ComponentInfo{com.dtgibson.snowraven/com.dtgibson.snowraven.MainActivity} topActivity=ComponentInfo{com.dtgibson.snowraven/com.dtgibson.snowraven.MainActivity} origActivity=null realActivity=ComponentInfo{com.dtgibson.snowraven/com.dtgibson.snowraven.MainActivity} numActivities=1 lastActiveTime=15675686 supportsMultiWindow=true resizeMode=1 isResizeable=true minWidth=-1 minHeight=-1 defaultMinSize=220 token=WCT{RemoteToken{21c4ca5 Task{854e8d4 #61 type=standard A=10242:com.dtgibson.snowraven}}} topActivityType=1 pictureInPictureParams=null shouldDockBigOverlays=false launchIntoPipHostTaskId=-1 lastParentTaskIdBeforePip=-1 displayCutoutSafeInsets=Rect(0, 136 - 0, 0) topActivityInfo=ActivityInfo{205187a com.dtgibson.snowraven.MainActivity} launchCookies=[] positionInParent=Point(0, 0) parentTaskId=-1 isFocused=false isVisible=false isVisibleRequested=false isTopActivityNoDisplay=false isSleeping=false locusId=null displayAreaFeatureId=1 isTopActivityTransparent=false isActivityStackTransparent=false lastNonFullscreenBounds=Rect(276, 696 - 805, 1776) capturedLink=null capturedLinkTimestamp=0 requestedVisibleTypes=-9 topActivityRequestOpenInBrowserEducationTimestamp=0 appCompatTaskInfo=AppCompatTaskInfo { topActivityInSizeCompat=false eligibleForLetterboxEducation= false isLetterboxEducationEnabled= true isLetterboxDoubleTapEnabled= false eligibleForUserAspectRatioButton= false topActivityBoundsLetterboxed= false isFromLetterboxDoubleTap= false topActivityLetterboxVerticalPosition= -1 topActivityLetterboxHorizontalPosition= -1 topActivityLetterboxWidth=-1 topActivityLetterboxHeight=-1 topActivityAppBounds=Rect(0, 0 - 1080, 2400) isUserFullscreenOverrideEnabled=false isSystemFullscreenOverrideEnabled=false hasMinAspectRatioOverride=false topActivityLetterboxBounds=null cameraCompatTaskInfo=CameraCompatTaskInfo { freeformCameraCompatMode=inactive}} topActivityMainWindowFrame=null}, pipChange = null, remoteTransition = null, displayChange = null, flags = 0, debugId = 186 }
10-03 20:00:34.598   929  1055 V WindowManagerShell:  Checking filter Pair{{types=[] flags=0x0] notFlags=0x100 checks=[{atype=home independent=true modes=[OPEN,TO_FRONT] flags=NONE mustBeTask=false order=TOP topActivity=ComponentInfo{com.google.android.apps.nexuslauncher/com.google.android.apps.nexuslauncher.NexusLauncherActivity} launchCookie=null windowingMode=undefined},{atype=standard independent=true modes=[CLOSE,TO_BACK] flags=NONE mustBeTask=false order=ANY topActivity=null launchCookie=null windowingMode=undefined},{NOT atype=undefined independent=true modes=[] flags=NONE mustBeTask=true order=ANY topActivity=null launchCookie=null customAnim=true windowingMode=undefined}]} RemoteTransition { remoteTransition = android.window.IRemoteTransition$Stub$Proxy@80a026e, appThread = android.app.IApplicationThread$Stub$Proxy@814bd0f, debugName = QuickstepLaunchHome }}
10-03 20:00:34.672 12399 12399 I WebViewFactory: Loading com.google.android.webview version 133.0.6943.137 (code 694313732)
10-03 20:00:34.674 12399 12399 V ResourcesManager: The following library key has been added: ResourcesKey{ mHash=65f73daa mResDir=null mSplitDirs=[] mOverlayDirs=[] mLibDirs=[/data/app/~~VmaZ1BvLDtlvk3rg2OX4qQ==/com.google.android.webview-SAlQPsm62q1meOTPZiGyFg==/WebViewGoogle.apk,/data/app/~~LIOSipseMVziS4e7-C7FtA==/com.google.android.trichromelibrary_694313732-8wDZMBzsBh3SbgeWDLLMGw==/TrichromeLibrary.apk,/system_ext/framework/androidx.window.extensions.jar] mDisplayId=0 mOverrideConfig=v36 mCompatInfo={420dpi always-compat} mLoaders=[]}
10-03 20:00:34.677 12399 12399 D nativeloader: Configuring clns-10 for other apk /data/app/~~LIOSipseMVziS4e7-C7FtA==/com.google.android.trichromelibrary_694313732-8wDZMBzsBh3SbgeWDLLMGw==/TrichromeLibrary.apk. target_sdk_version=34, uses_libraries=ALL, library_path=/data/app/~~VmaZ1BvLDtlvk3rg2OX4qQ==/com.google.android.webview-SAlQPsm62q1meOTPZiGyFg==/lib/arm64:/data/app/~~VmaZ1BvLDtlvk3rg2OX4qQ==/com.google.android.webview-SAlQPsm62q1meOTPZiGyFg==/WebViewGoogle.apk!/lib/arm64-v8a:/data/app/~~LIOSipseMVziS4e7-C7FtA==/com.google.android.trichromelibrary_694313732-8wDZMBzsBh3SbgeWDLLMGw==/TrichromeLibrary.apk!/lib/arm64-v8a, permitted_path=/data:/mnt/expand
10-03 20:00:34.678 12399 12399 D nativeloader: Configuring clns-11 for other apk /data/app/~~VmaZ1BvLDtlvk3rg2OX4qQ==/com.google.android.webview-SAlQPsm62q1meOTPZiGyFg==/WebViewGoogle.apk. target_sdk_version=34, uses_libraries=, library_path=/data/app/~~VmaZ1BvLDtlvk3rg2OX4qQ==/com.google.android.webview-SAlQPsm62q1meOTPZiGyFg==/lib/arm64:/data/app/~~VmaZ1BvLDtlvk3rg2OX4qQ==/com.google.android.webview-SAlQPsm62q1meOTPZiGyFg==/WebViewGoogle.apk!/lib/arm64-v8a:/data/app/~~LIOSipseMVziS4e7-C7FtA==/com.google.android.trichromelibrary_694313732-8wDZMBzsBh3SbgeWDLLMGw==/TrichromeLibrary.apk!/lib/arm64-v8a, permitted_path=/data:/mnt/expand
10-03 20:00:34.682 12399 12399 I cr_WVCFactoryProvider: version=133.0.6943.137 (694313732) minSdkVersion=29 isBundle=false multiprocess=true packageId=2
10-03 20:00:34.687 12399 12399 D nativeloader: Load /data/app/~~LIOSipseMVziS4e7-C7FtA==/com.google.android.trichromelibrary_694313732-8wDZMBzsBh3SbgeWDLLMGw==/TrichromeLibrary.apk!/lib/arm64-v8a/libmonochrome_64.so using class loader ns clns-11 (caller=/data/app/~~VmaZ1BvLDtlvk3rg2OX4qQ==/com.google.android.webview-SAlQPsm62q1meOTPZiGyFg==/WebViewGoogle.apk): ok
10-03 20:00:34.688 12399 12399 D nativeloader: Load /system/lib64/libwebviewchromium_plat_support.so using class loader ns clns-11 (caller=/data/app/~~VmaZ1BvLDtlvk3rg2OX4qQ==/com.google.android.webview-SAlQPsm62q1meOTPZiGyFg==/WebViewGoogle.apk): ok
10-03 20:00:34.690 12399 12427 I chromium: [1003/200034.690680:INFO:variations_seed_loader.cc(67)] Failed to open file for reading.: No such file or directory (2)
10-03 20:00:34.690 12399 12427 I cr_VariationsUtils: Failed reading seed file "/data/user/0/com.dtgibson.snowraven/app_webview/variations_seed_new"
10-03 20:00:34.690 12399 12427 I chromium: [1003/200034.690890:INFO:variations_seed_loader.cc(67)] Failed to open file for reading.: No such file or directory (2)
10-03 20:00:34.690 12399 12427 I cr_VariationsUtils: Failed reading seed file "/data/user/0/com.dtgibson.snowraven/app_webview/variations_seed"
10-03 20:00:34.691 12399 12415 I RustStdoutStderr: [1003/200034.690680:INFO:variations_seed_loader.cc(67)] Failed to open file for reading.: No such file or directory (2)
10-03 20:00:34.691 12399 12415 I RustStdoutStderr: [1003/200034.690890:INFO:variations_seed_loader.cc(67)] Failed to open file for reading.: No such file or directory (2)
10-03 20:00:34.691 12399 12428 I cr_VariationsUtils: Requesting new seed from IVariationsSeedServer
10-03 20:00:34.693 12399 12399 I cr_LibraryLoader: Successfully loaded native library
10-03 20:00:34.694   669   975 D ActivityManager: sync unfroze 3613 com.google.android.webview:webview_service for 6
10-03 20:00:34.697   669   756 W ProcessStats: Tracking association SourceState{d0f1d83 com.dtgibson.snowraven/10242 BTop #9244} whose proc state 2 is better than process ProcessState{f14569a com.google.android.webview:webview_service/10170 pkg=com.google.android.webview} proc state 14 (8 skipped)
10-03 20:00:34.710 12399 12399 I cr_CachingUmaRecorder: Flushed 6 samples from 6 histograms, 0 samples were dropped.
10-03 20:00:34.710 12399 12399 I cr_CombinedPProvider: #registerProvider() provider:WV.C8@64fdebb isPolicyCacheEnabled:false policyProvidersSize:0
10-03 20:00:34.711 12399 12399 I cr_PolicyProvider: #setManagerAndSource() 0
10-03 20:00:34.715 12399 12399 I cr_CombinedPProvider: #linkNativeInternal() 1
10-03 20:00:34.715 12399 12399 I cr_AppResProvider: #getApplicationRestrictionsFromUserManager() Bundle[EMPTY_PARCEL]
10-03 20:00:34.716 12399 12399 I cr_PolicyProvider: #notifySettingsAvailable() 0
10-03 20:00:34.716 12399 12399 I cr_CombinedPProvider: #onSettingsAvailable() 0
10-03 20:00:34.716 12399 12399 I cr_CombinedPProvider: #flushPolicies()
10-03 20:00:34.720   669   721 I ActivityManager: Start proc 12438:com.google.android.webview:sandboxed_process0:org.chromium.content.app.SandboxedProcessService0:0/u0i16 for  {com.dtgibson.snowraven/org.chromium.content.app.SandboxedProcessService0:0}
10-03 20:00:34.727 12399 12437 W chromium: [WARNING:dns_config_service_android.cc(81)] Failed to read DnsConfig.
10-03 20:00:34.744 12438 12438 I cr_WebViewApkApp: version=133.0.6943.137 (694313732) minSdkVersion=29 isBundle=false processName=com.google.android.webview:sandboxed_process0:org.chromium.content.app.SandboxedProcessService0:0
10-03 20:00:34.747 12438 12438 I cr_ChildProcessService: Creating new ChildProcessService pid=12438
10-03 20:00:34.779  3613  3959 I cr_VariationsUtils: Throttling seed download job
10-03 20:00:34.779  3613  3959 I cr_VariationsUtils: Writing new seed to app's data directory
10-03 20:00:34.791 12399 12445 W cr_media: BLUETOOTH_CONNECT permission is missing.
10-03 20:00:34.791 12399 12445 W cr_media: getBluetoothAdapter() requires BLUETOOTH permission
10-03 20:00:34.791 12399 12445 W cr_media: registerBluetoothIntentsIfNeeded: Requires BLUETOOTH permission
10-03 20:00:34.796 12438 12465 I cr_LibraryLoader: Successfully loaded native library
10-03 20:00:34.797 12438 12465 I cr_CachingUmaRecorder: Flushed 2 samples from 2 histograms, 0 samples were dropped.
10-03 20:00:34.808 12438 12465 W chromium: [WARNING:runtime_features.cc(560)] Fenced frames cannot be enabled in this configuration. Use --enable-features=FencedFrames instead.
10-03 20:00:34.808 12438 12465 W chromium: [WARNING:runtime_features.cc(585)] Topics cannot be enabled in this configuration. Use --enable-features=BrowsingTopics in addition.
10-03 20:00:34.808 12438 12465 W chromium: [WARNING:runtime_features.cc(606)] SharedStorage cannot be enabled in this configuration. Use --enable-features=SharedStorageAPI in addition.
10-03 20:00:34.818 12399 12473 W chromium: [WARNING:viz_main_impl.cc(85)] VizNullHypothesis is disabled (not a warning)
10-03 20:00:44.838   669   783 D ActivityManager: freezing 3613 com.google.android.webview:webview_service
